---
layout: post
title:  linux挂载USB存储设备
date:   2018-03-31 00:00:01
---

众所周知，linux拥有众多的发行版，有一些发行版拥有U盘自动挂载功能。
然而有一些却只能手动挂载。

在linux一切皆文件，所有的设备都是一种特殊的文件。所有的设备一般在
`/dev/`目录下。

运行`ls /dev`显示结果如下：

```
adsp             cuse         hidraw1    log           media0              nvidia-modeset  sda1   sda9      tpmrm0  tty18  tty29  tty4   tty50  tty61      ttyS13  ttyS24  ttyS7    vcs3   vcsa63
autofs           disk         hpet       loop0         mei0                nvidia-uvm      sda10  sdb       tty     tty19  tty3   tty40  tty51  tty62      ttyS14  ttyS25  ttyS8    vcs4   vfio
binder           dri          hugepages  loop1         mem                 port            sda11  sdb1      tty0    tty2   tty30  tty41  tty52  tty63      ttyS15  ttyS26  ttyS9    vcs5   vga_arbiter
block            drm_dp_aux0  hwrng      loop2         memory_bandwidth    ppp             sda12  sg0       tty1    tty20  tty31  tty42  tty53  tty7       ttyS16  ttyS27  uhid     vcs6   vhci
bsg              dsp          i2c-0      loop3         mixer               psaux           sda13  sg1       tty10   tty21  tty32  tty43  tty54  tty8       ttyS17  ttyS28  uinput   vcs63  vhost-net
btrfs-control    ecryptfs     i2c-1      loop4         mqueue              ptmx            sda2   shm       tty11   tty22  tty33  tty44  tty55  tty9       ttyS18  ttyS29  urandom  vcsa   vhost-vsock
bus              fb0          i2c-2      loop5         net                 pts             sda3   snapshot  tty12   tty23  tty34  tty45  tty56  ttyprintk  ttyS19  ttyS3   usb      vcsa1  video0
char             fd           i2c-3      loop6         network_latency     random          sda4   snd       tty13   tty24  tty35  tty46  tty57  ttyS0      ttyS2   ttyS30  userio   vcsa2  zero
console          full         initctl    loop7         network_throughput  rfkill          sda5   stderr    tty14   tty25  tty36  tty47  tty58  ttyS1      ttyS20  ttyS31  v4l      vcsa3
core             fuse         input      loop-control  null                rtc             sda6   stdin     tty15   tty26  tty37  tty48  tty59  ttyS10     ttyS21  ttyS4   vcs      vcsa4
cpu              gpiochip0    kmsg       mapper        nvidia0             rtc0            sda7   stdout    tty16   tty27  tty38  tty49  tty6   ttyS11     ttyS22  ttyS5   vcs1     vcsa5
cpu_dma_latency  hidraw0      lightnvm   mcelog        nvidiactl           sda             sda8   tpm0      tty17   tty28  tty39  tty5   tty60  ttyS12     ttyS23  ttyS6   vcs2     vcsa6
```
其中所有的设备都可以使用文件操作，例如`cat`之类的操作。

###  warning：注意，不要随意操作，可能会有系统性风险！

在这些设备文件里面`sda` `sdb`都代表不同的磁盘存储器，后面的数字一般代表分区。

利用这种方式找到要挂载的U盘比较麻烦，利用`fdisk -l`可以快速获取磁盘信息。

在不同电脑上面运行结果。

```
pi@raspberrypi:~ $ sudo fdisk -l
Disk /dev/ram0: 4 MiB, 4194304 bytes, 8192 sectors
Units: sectors of 1 * 512 = 512 bytes
Sector size (logical/physical): 512 bytes / 4096 bytes
I/O size (minimum/optimal): 4096 bytes / 4096 bytes


Disk /dev/ram1: 4 MiB, 4194304 bytes, 8192 sectors
Units: sectors of 1 * 512 = 512 bytes
Sector size (logical/physical): 512 bytes / 4096 bytes
I/O size (minimum/optimal): 4096 bytes / 4096 bytes


Disk /dev/ram2: 4 MiB, 4194304 bytes, 8192 sectors
Units: sectors of 1 * 512 = 512 bytes
Sector size (logical/physical): 512 bytes / 4096 bytes
I/O size (minimum/optimal): 4096 bytes / 4096 bytes


Disk /dev/ram3: 4 MiB, 4194304 bytes, 8192 sectors
Units: sectors of 1 * 512 = 512 bytes
Sector size (logical/physical): 512 bytes / 4096 bytes
I/O size (minimum/optimal): 4096 bytes / 4096 bytes


Disk /dev/ram4: 4 MiB, 4194304 bytes, 8192 sectors
Units: sectors of 1 * 512 = 512 bytes
Sector size (logical/physical): 512 bytes / 4096 bytes
I/O size (minimum/optimal): 4096 bytes / 4096 bytes


Disk /dev/ram5: 4 MiB, 4194304 bytes, 8192 sectors
Units: sectors of 1 * 512 = 512 bytes
Sector size (logical/physical): 512 bytes / 4096 bytes
I/O size (minimum/optimal): 4096 bytes / 4096 bytes


Disk /dev/ram6: 4 MiB, 4194304 bytes, 8192 sectors
Units: sectors of 1 * 512 = 512 bytes
Sector size (logical/physical): 512 bytes / 4096 bytes
I/O size (minimum/optimal): 4096 bytes / 4096 bytes


Disk /dev/ram7: 4 MiB, 4194304 bytes, 8192 sectors
Units: sectors of 1 * 512 = 512 bytes
Sector size (logical/physical): 512 bytes / 4096 bytes
I/O size (minimum/optimal): 4096 bytes / 4096 bytes


Disk /dev/ram8: 4 MiB, 4194304 bytes, 8192 sectors
Units: sectors of 1 * 512 = 512 bytes
Sector size (logical/physical): 512 bytes / 4096 bytes
I/O size (minimum/optimal): 4096 bytes / 4096 bytes


Disk /dev/ram9: 4 MiB, 4194304 bytes, 8192 sectors
Units: sectors of 1 * 512 = 512 bytes
Sector size (logical/physical): 512 bytes / 4096 bytes
I/O size (minimum/optimal): 4096 bytes / 4096 bytes


Disk /dev/ram10: 4 MiB, 4194304 bytes, 8192 sectors
Units: sectors of 1 * 512 = 512 bytes
Sector size (logical/physical): 512 bytes / 4096 bytes
I/O size (minimum/optimal): 4096 bytes / 4096 bytes


Disk /dev/ram11: 4 MiB, 4194304 bytes, 8192 sectors
Units: sectors of 1 * 512 = 512 bytes
Sector size (logical/physical): 512 bytes / 4096 bytes
I/O size (minimum/optimal): 4096 bytes / 4096 bytes


Disk /dev/ram12: 4 MiB, 4194304 bytes, 8192 sectors
Units: sectors of 1 * 512 = 512 bytes
Sector size (logical/physical): 512 bytes / 4096 bytes
I/O size (minimum/optimal): 4096 bytes / 4096 bytes


Disk /dev/ram13: 4 MiB, 4194304 bytes, 8192 sectors
Units: sectors of 1 * 512 = 512 bytes
Sector size (logical/physical): 512 bytes / 4096 bytes
I/O size (minimum/optimal): 4096 bytes / 4096 bytes


Disk /dev/ram14: 4 MiB, 4194304 bytes, 8192 sectors
Units: sectors of 1 * 512 = 512 bytes
Sector size (logical/physical): 512 bytes / 4096 bytes
I/O size (minimum/optimal): 4096 bytes / 4096 bytes


Disk /dev/ram15: 4 MiB, 4194304 bytes, 8192 sectors
Units: sectors of 1 * 512 = 512 bytes
Sector size (logical/physical): 512 bytes / 4096 bytes
I/O size (minimum/optimal): 4096 bytes / 4096 bytes


Disk /dev/mmcblk0: 29.6 GiB, 31724666880 bytes, 61962240 sectors
Units: sectors of 1 * 512 = 512 bytes
Sector size (logical/physical): 512 bytes / 512 bytes
I/O size (minimum/optimal): 512 bytes / 512 bytes
Disklabel type: dos
Disk identifier: 0xb65c73cb

Device         Boot Start      End  Sectors  Size Id Type
/dev/mmcblk0p1       8192    93814    85623 41.8M  c W95 FAT32 (LBA)
/dev/mmcblk0p2      94208 61962239 61868032 29.5G 83 Linux


Disk /dev/sda: 14.4 GiB, 15479597056 bytes, 30233588 sectors
Units: sectors of 1 * 512 = 512 bytes
Sector size (logical/physical): 512 bytes / 512 bytes
I/O size (minimum/optimal): 512 bytes / 512 bytes
Disklabel type: dos
Disk identifier: 0xcad4ebea

Device     Boot Start      End  Sectors  Size Id Type
/dev/sda4  *      256 30233587 30233332 14.4G  c W95 FAT32 (LBA)

```

```
yu@yu-Lenovo-XiaoXin-700-15ISK:/dev$ sudo fdisk -l
Disk /dev/loop0: 81.7 MiB, 85639168 bytes, 167264 sectors
Units: sectors of 1 * 512 = 512 bytes
Sector size (logical/physical): 512 bytes / 512 bytes
I/O size (minimum/optimal): 512 bytes / 512 bytes


Disk /dev/loop1: 81.7 MiB, 85692416 bytes, 167368 sectors
Units: sectors of 1 * 512 = 512 bytes
Sector size (logical/physical): 512 bytes / 512 bytes
I/O size (minimum/optimal): 512 bytes / 512 bytes


Disk /dev/loop2: 81.6 MiB, 85549056 bytes, 167088 sectors
Units: sectors of 1 * 512 = 512 bytes
Sector size (logical/physical): 512 bytes / 512 bytes
I/O size (minimum/optimal): 512 bytes / 512 bytes


Disk /dev/loop3: 4 KiB, 4096 bytes, 8 sectors
Units: sectors of 1 * 512 = 512 bytes
Sector size (logical/physical): 512 bytes / 512 bytes
I/O size (minimum/optimal): 512 bytes / 512 bytes


Disk /dev/sda: 465.8 GiB, 500107862016 bytes, 976773168 sectors
Units: sectors of 1 * 512 = 512 bytes
Sector size (logical/physical): 512 bytes / 4096 bytes
I/O size (minimum/optimal): 4096 bytes / 4096 bytes
Disklabel type: gpt
Disk identifier: 088B00B6-EB99-45A0-B64A-892C4D7A2C9B

设备           Start      末尾      扇区   Size 类型
/dev/sda1       2048    534527    532480   260M EFI System
/dev/sda2     534528    567295     32768    16M Microsoft reserved
/dev/sda3     567296 210284543 209717248   100G Microsoft basic data
/dev/sda4  210284544 537997311 327712768 156.3G Microsoft basic data
/dev/sda5  705769472 798044159  92274688    44G Microsoft basic data
/dev/sda6  798044160 932259839 134215680    64G Microsoft basic data
/dev/sda7  932261888 934309887   2048000  1000M Windows recovery environment
/dev/sda8  934309888 974725119  40415232  19.3G Windows recovery environment
/dev/sda9  974725120 976773119   2048000  1000M Lenovo boot partition
/dev/sda10 537997312 538202111    204800   100M Linux filesystem
/dev/sda11 538202112 542396415   4194304     2G Linux swap
/dev/sda12 542396416 542806015    409600   200M Linux filesystem
/dev/sda13 542806016 705769471 162963456  77.7G Linux filesystem

Partition table entries are not in disk order.


Disk /dev/sdb: 3.8 GiB, 4026531840 bytes, 7864320 sectors
Units: sectors of 1 * 512 = 512 bytes
Sector size (logical/physical): 512 bytes / 512 bytes
I/O size (minimum/optimal): 512 bytes / 512 bytes
Disklabel type: dos
Disk identifier: 0x063fd9d4

设备       启动 Start    末尾    扇区  Size Id 类型
/dev/sdb1  *       64 7864319 7864256  3.8G  b W95 FAT32
```

其中最后一行是需要挂载的设备。

运行`sudo mount 设备名 挂载目录`即可

例如：`sudo mount /dev/sda4 /media/pi/udisk/`

此时`/media/pi/udisk/`即为U盘在目录树中的位置。
